Archive member included to satisfy reference by file (symbol)

/Users/matisserheaume-viale/Library/Application Support/Code/User/globalStorage/mylonics.embedded-build-tools/tools/arm-none-eabi-gcc/bin/../lib/gcc/arm-none-eabi/15.2.1/../../../../arm-none-eabi/lib/thumb/v7-m/nofp/libc.a(libc_a-atexit.o)
                              /Users/matisserheaume-viale/Library/Application Support/Code/User/globalStorage/mylonics.embedded-build-tools/tools/arm-none-eabi-gcc/bin/../lib/gcc/arm-none-eabi/15.2.1/../../../../arm-none-eabi/lib/thumb/v7-m/nofp/crt0.o (atexit)
/Users/matisserheaume-viale/Library/Application Support/Code/User/globalStorage/mylonics.embedded-build-tools/tools/arm-none-eabi-gcc/bin/../lib/gcc/arm-none-eabi/15.2.1/../../../../arm-none-eabi/lib/thumb/v7-m/nofp/libc.a(libc_a-exit.o)
                              /Users/matisserheaume-viale/Library/Application Support/Code/User/globalStorage/mylonics.embedded-build-tools/tools/arm-none-eabi-gcc/bin/../lib/gcc/arm-none-eabi/15.2.1/../../../../arm-none-eabi/lib/thumb/v7-m/nofp/crt0.o (exit)
/Users/matisserheaume-viale/Library/Application Support/Code/User/globalStorage/mylonics.embedded-build-tools/tools/arm-none-eabi-gcc/bin/../lib/gcc/arm-none-eabi/15.2.1/../../../../arm-none-eabi/lib/thumb/v7-m/nofp/libc.a(libc_a-findfp.o)
                              /Users/matisserheaume-viale/Library/Application Support/Code/User/globalStorage/mylonics.embedded-build-tools/tools/arm-none-eabi-gcc/bin/../lib/gcc/arm-none-eabi/15.2.1/../../../../arm-none-eabi/lib/thumb/v7-m/nofp/libc.a(libc_a-exit.o) (__stdio_exit_handler)
/Users/matisserheaume-viale/Library/Application Support/Code/User/globalStorage/mylonics.embedded-build-tools/tools/arm-none-eabi-gcc/bin/../lib/gcc/arm-none-eabi/15.2.1/../../../../arm-none-eabi/lib/thumb/v7-m/nofp/libc.a(libc_a-memset.o)
                              /Users/matisserheaume-viale/Library/Application Support/Code/User/globalStorage/mylonics.embedded-build-tools/tools/arm-none-eabi-gcc/bin/../lib/gcc/arm-none-eabi/15.2.1/../../../../arm-none-eabi/lib/thumb/v7-m/nofp/crt0.o (memset)
/Users/matisserheaume-viale/Library/Application Support/Code/User/globalStorage/mylonics.embedded-build-tools/tools/arm-none-eabi-gcc/bin/../lib/gcc/arm-none-eabi/15.2.1/../../../../arm-none-eabi/lib/thumb/v7-m/nofp/libc.a(libc_a-impure.o)
                              /Users/matisserheaume-viale/Library/Application Support/Code/User/globalStorage/mylonics.embedded-build-tools/tools/arm-none-eabi-gcc/bin/../lib/gcc/arm-none-eabi/15.2.1/../../../../arm-none-eabi/lib/thumb/v7-m/nofp/libc.a(libc_a-findfp.o) (_impure_data)
/Users/matisserheaume-viale/Library/Application Support/Code/User/globalStorage/mylonics.embedded-build-tools/tools/arm-none-eabi-gcc/bin/../lib/gcc/arm-none-eabi/15.2.1/../../../../arm-none-eabi/lib/thumb/v7-m/nofp/libc.a(libc_a-init.o)
                              /Users/matisserheaume-viale/Library/Application Support/Code/User/globalStorage/mylonics.embedded-build-tools/tools/arm-none-eabi-gcc/bin/../lib/gcc/arm-none-eabi/15.2.1/../../../../arm-none-eabi/lib/thumb/v7-m/nofp/crt0.o (__libc_init_array)
/Users/matisserheaume-viale/Library/Application Support/Code/User/globalStorage/mylonics.embedded-build-tools/tools/arm-none-eabi-gcc/bin/../lib/gcc/arm-none-eabi/15.2.1/../../../../arm-none-eabi/lib/thumb/v7-m/nofp/libc.a(libc_a-fini.o)
                              /Users/matisserheaume-viale/Library/Application Support/Code/User/globalStorage/mylonics.embedded-build-tools/tools/arm-none-eabi-gcc/bin/../lib/gcc/arm-none-eabi/15.2.1/../../../../arm-none-eabi/lib/thumb/v7-m/nofp/crt0.o (__libc_fini_array)
/Users/matisserheaume-viale/Library/Application Support/Code/User/globalStorage/mylonics.embedded-build-tools/tools/arm-none-eabi-gcc/bin/../lib/gcc/arm-none-eabi/15.2.1/../../../../arm-none-eabi/lib/thumb/v7-m/nofp/libc.a(libc_a-lock.o)
                              /Users/matisserheaume-viale/Library/Application Support/Code/User/globalStorage/mylonics.embedded-build-tools/tools/arm-none-eabi-gcc/bin/../lib/gcc/arm-none-eabi/15.2.1/../../../../arm-none-eabi/lib/thumb/v7-m/nofp/libc.a(libc_a-findfp.o) (__retarget_lock_init_recursive)
/Users/matisserheaume-viale/Library/Application Support/Code/User/globalStorage/mylonics.embedded-build-tools/tools/arm-none-eabi-gcc/bin/../lib/gcc/arm-none-eabi/15.2.1/../../../../arm-none-eabi/lib/thumb/v7-m/nofp/libc.a(libc_a-__atexit.o)
                              /Users/matisserheaume-viale/Library/Application Support/Code/User/globalStorage/mylonics.embedded-build-tools/tools/arm-none-eabi-gcc/bin/../lib/gcc/arm-none-eabi/15.2.1/../../../../arm-none-eabi/lib/thumb/v7-m/nofp/libc.a(libc_a-atexit.o) (__register_exitproc)
/Users/matisserheaume-viale/Library/Application Support/Code/User/globalStorage/mylonics.embedded-build-tools/tools/arm-none-eabi-gcc/bin/../lib/gcc/arm-none-eabi/15.2.1/../../../../arm-none-eabi/lib/thumb/v7-m/nofp/libc.a(libc_a-__call_atexit.o)
[...]
Memory Configuration

Name             Origin             Length             Attributes
RAMEXEC          0x20000000         0x00005000         xrw
FLASH            0x08000000         0x00020000         xr
*default*        0x00000000         0xffffffff

Linker script and memory map

LOAD /Users/matisserheaume-viale/Library/Application Support/Code/User/globalStorage/mylonics.embedded-build-tools/tools/arm-none-eabi-gcc/bin/../lib/gcc/arm-none-eabi/15.2.1/thumb/v7-m/nofp/crti.o
LOAD /Users/matisserheaume-viale/Library/Application Support/Code/User/globalStorage/mylonics.embedded-build-tools/tools/arm-none-eabi-gcc/bin/../lib/gcc/arm-none-eabi/15.2.1/thumb/v7-m/nofp/crtbegin.o
LOAD /Users/matisserheaume-viale/Library/Application Support/Code/User/globalStorage/mylonics.embedded-build-tools/tools/arm-none-eabi-gcc/bin/../lib/gcc/arm-none-eabi/15.2.1/../../../../arm-none-eabi/lib/thumb/v7-m/nofp/crt0.o
START GROUP
LOAD /Users/matisserheaume-viale/Library/Application Support/Code/User/globalStorage/mylonics.embedded-build-tools/tools/arm-none-eabi-gcc/bin/../lib/gcc/arm-none-eabi/15.2.1/../../../../arm-none-eabi/lib/thumb/v7-m/nofp/libc.a
LOAD /Users/matisserheaume-viale/Library/Application Support/Code/User/globalStorage/mylonics.embedded-build-tools/tools/arm-none-eabi-gcc/bin/../lib/gcc/arm-none-eabi/15.2.1/../../../../arm-none-eabi/lib/thumb/v7-m/nofp/libm.a
LOAD /Users/matisserheaume-viale/Library/Application Support/Code/User/globalStorage/mylonics.embedded-build-tools/tools/arm-none-eabi-gcc/bin/../lib/gcc/arm-none-eabi/15.2.1/../../../../arm-none-eabi/lib/thumb/v7-m/nofp/libstdc++.a
LOAD /Users/matisserheaume-viale/Library/Application Support/Code/User/globalStorage/mylonics.embedded-build-tools/tools/arm-none-eabi-gcc/bin/../lib/gcc/arm-none-eabi/15.2.1/../../../../arm-none-eabi/lib/thumb/v7-m/nofp/libsupc++.a
END GROUP
LOAD CMakeFiles/Prog3-Lab-0.dir/Src/syscall.c.obj
LOAD CMakeFiles/Prog3-Lab-0.dir/Src/sysmem.c.obj
LOAD CMakeFiles/Prog3-Lab-0.dir/Src/main.c.obj
LOAD CMakeFiles/Prog3-Lab-0.dir/Src/startup_stm32f103xb.s.obj
START GROUP
LOAD /Users/matisserheaume-viale/Library/Application Support/Code/User/globalStorage/mylonics.embedded-build-tools/tools/arm-none-eabi-gcc/bin/../lib/gcc/arm-none-eabi/15.2.1/thumb/v7-m/nofp/libgcc.a
LOAD /Users/matisserheaume-viale/Library/Application Support/Code/User/globalStorage/mylonics.embedded-build-tools/tools/arm-none-eabi-gcc/bin/../lib/gcc/arm-none-eabi/15.2.1/../../../../arm-none-eabi/lib/thumb/v7-m/nofp/libc.a
END GROUP
START GROUP
LOAD /Users/matisserheaume-viale/Library/Application Support/Code/User/globalStorage/mylonics.embedded-build-tools/tools/arm-none-eabi-gcc/bin/../lib/gcc/arm-none-eabi/15.2.1/thumb/v7-m/nofp/libgcc.a
LOAD /Users/matisserheaume-viale/Library/Application Support/Code/User/globalStorage/mylonics.embedded-build-tools/tools/arm-none-eabi-gcc/bin/../lib/gcc/arm-none-eabi/15.2.1/../../../../arm-none-eabi/lib/thumb/v7-m/nofp/libc.a
LOAD /Users/matisserheaume-viale/Library/Application Support/Code/User/globalStorage/mylonics.embedded-build-tools/tools/arm-none-eabi-gcc/bin/../lib/gcc/arm-none-eabi/15.2.1/../../../../arm-none-eabi/lib/thumb/v7-m/nofp/libnosys.a
END GROUP
LOAD /Users/matisserheaume-viale/Library/Application Support/Code/User/globalStorage/mylonics.embedded-build-tools/tools/arm-none-eabi-gcc/bin/../lib/gcc/arm-none-eabi/15.2.1/thumb/v7-m/nofp/crtend.o
LOAD /Users/matisserheaume-viale/Library/Application Support/Code/User/globalStorage/mylonics.embedded-build-tools/tools/arm-none-eabi-gcc/bin/../lib/gcc/arm-none-eabi/15.2.1/thumb/v7-m/nofp/crtn.o
                0x20005000                        _estack = (ORIGIN (RAMEXEC) + LENGTH (RAMEXEC))
                0x00000200                        _Min_Heap_Size = 0x200
                0x00000400                        _Min_Stack_Size = 0x400

.isr_vector     0x08000000      0x10c
                0x08000000                        . = ALIGN (0x4)
 *(.isr_vector)
 .isr_vector    0x08000000      0x10c CMakeFiles/Prog3-Lab-0.dir/Src/startup_stm32f103xb.s.obj
                0x08000000                g_pfnVectors
                0x0800010c                        . = ALIGN (0x4)

.text           0x0800010c      0x39c
                0x0800010c                        . = ALIGN (0x4)
 *(.text)
 *(.text*)
 .text.__do_global_dtors_aux
                0x0800010c       0x28 /Users/matisserheaume-viale/Library/Application Support/Code/User/globalStorage/mylonics.embedded-build-tools/tools/arm-none-eabi-gcc/bin/../lib/gcc/arm-none-eabi/15.2.1/thumb/v7-m/nofp/crtbegin.o
 .text.frame_dummy
                0x08000134       0x1c /Users/matisserheaume-viale/Library/Application Support/Code/User/globalStorage/mylonics.embedded-build-tools/tools/arm-none-eabi-gcc/bin/../lib/gcc/arm-none-eabi/15.2.1/thumb/v7-m/nofp/crtbegin.o
 .text.atexit   0x08000150        0xc /Users/matisserheaume-viale/Library/Application Support/Code/User/globalStorage/mylonics.embedded-build-tools/tools/arm-none-eabi-gcc/bin/../lib/gcc/arm-none-eabi/15.2.1/../../../../arm-none-eabi/lib/thumb/v7-m/nofp/libc.a(libc_a-atexit.o)
                0x08000150                atexit
 .text.__libc_init_array
                0x0800015c       0x50 /Users/matisserheaume-viale/Library/Application Support/Code/User/globalStorage/mylonics.embedded-build-tools/tools/arm-none-eabi-gcc/bin/../lib/gcc/arm-none-eabi/15.2.1/../../../../arm-none-eabi/lib/thumb/v7-m/nofp/libc.a(libc_a-init.o)
                0x0800015c                __libc_init_array
 .text.__libc_fini_array
                0x080001ac       0x28 /Users/matisserheaume-viale/Library/Application Support/Code/User/globalStorage/mylonics.embedded-build-tools/tools/arm-none-eabi-gcc/bin/../lib/gcc/arm-none-eabi/15.2.1/../../../../arm-none-eabi/lib/thumb/v7-m/nofp/libc.a(libc_a-fini.o)
                0x080001ac                __libc_fini_array
 .text.__retarget_lock_acquire_recursive
                0x080001d4        0x4 /Users/matisserheaume-viale/Library/Application Support/Code/User/globalStorage/mylonics.embedded-build-tools/tools/arm-none-eabi-gcc/bin/../lib/gcc/arm-none-eabi/15.2.1/../../../../arm-none-eabi/lib/thumb/v7-m/nofp/libc.a(libc_a-lock.o)
                0x080001d4                __retarget_lock_acquire_recursive
 .text.__retarget_lock_release_recursive
                0x080001d8        0x4 /Users/matisserheaume-viale/Library/Application Support/Code/User/globalStorage/mylonics.embedded-build-tools/tools/arm-none-eabi-gcc/bin/../lib/gcc/arm-none-eabi/15.2.1/../../../../arm-none-eabi/lib/thumb/v7-m/nofp/libc.a(libc_a-lock.o)
                0x080001d8                __retarget_lock_release_recursive
 .text.__register_exitproc
                0x080001dc       0x84 /Users/matisserheaume-viale/Library/Application Support/Code/User/globalStorage/mylonics.embedded-build-tools/tools/arm-none-eabi-gcc/bin/../lib/gcc/arm-none-eabi/15.2.1/../../../../arm-none-eabi/lib/thumb/v7-m/nofp/libc.a(libc_a-__atexit.o)
                0x080001dc                __register_exitproc
 .text.startup.register_fini
                0x08000260       0x14 /Users/matisserheaume-viale/Library/Application Support/Code/User/globalStorage/mylonics.embedded-build-tools/tools/arm-none-eabi-gcc/bin/../lib/gcc/arm-none-eabi/15.2.1/../../../../arm-none-eabi/lib/thumb/v7-m/nofp/libc.a(libc_a-__call_atexit.o)
 .text.SystemInit
                0x08000274        0xc CMakeFiles/Prog3-Lab-0.dir/Src/main.c.obj
                0x08000274                SystemInit
 .text.SysTick_Handler
                0x08000280       0x1c CMakeFiles/Prog3-Lab-0.dir/Src/main.c.obj
                0x08000280                SysTick_Handler
 .text.main     0x0800029c       0x3c CMakeFiles/Prog3-Lab-0.dir/Src/main.c.obj
                0x0800029c                main
 .text.D1_1_vGPIOInit
                0x080002d8       0x50 CMakeFiles/Prog3-Lab-0.dir/Src/main.c.obj
 .text.M400_vLEDSet
                0x08000328       0x5c CMakeFiles/Prog3-Lab-0.dir/Src/main.c.obj
 .text.M400_vLEDToggle
                0x08000384       0x2e CMakeFiles/Prog3-Lab-0.dir/Src/main.c.obj
 .text.M400_vLEDBlinkTask
                0x080003b2       0x4e CMakeFiles/Prog3-Lab-0.dir/Src/main.c.obj
 .text.SysTick_vInit
                0x08000400       0x34 CMakeFiles/Prog3-Lab-0.dir/Src/main.c.obj
 .text.CPU_vWaitForInterrupt
                0x08000434        0xe CMakeFiles/Prog3-Lab-0.dir/Src/main.c.obj
 *fill*         0x08000442        0x2 
 .text.Reset_Handler
                0x08000444       0x48 CMakeFiles/Prog3-Lab-0.dir/Src/startup_stm32f103xb.s.obj
                0x08000444                Reset_Handler
 .text.Default_Handler
                0x0800048c        0x2 CMakeFiles/Prog3-Lab-0.dir/Src/startup_stm32f103xb.s.obj
                0x0800048c                USBWakeUp_IRQHandler
                0x0800048c                EXTI2_IRQHandler
                0x0800048c                DebugMon_Handler
                0x0800048c                TIM1_CC_IRQHandler
                0x0800048c                HardFault_Handler
                0x0800048c                PVD_IRQHandler
                0x0800048c                PendSV_Handler
                0x0800048c                NMI_Handler
                0x0800048c                EXTI3_IRQHandler
                0x0800048c                EXTI0_IRQHandler
                0x0800048c                I2C2_EV_IRQHandler
                0x0800048c                UsageFault_Handler
                0x0800048c                ADC1_2_IRQHandler
                0x0800048c                SPI1_IRQHandler
                0x0800048c                TAMPER_IRQHandler
                0x0800048c                DMA1_Channel4_IRQHandler
                0x0800048c                USART3_IRQHandler
                0x0800048c                RTC_IRQHandler
                0x0800048c                DMA1_Channel7_IRQHandler
                0x0800048c                CAN1_RX1_IRQHandler
                0x0800048c                TIM4_IRQHandler
                0x0800048c                I2C1_EV_IRQHandler
                0x0800048c                DMA1_Channel6_IRQHandler
                0x0800048c                TIM3_IRQHandler
                0x0800048c                RCC_IRQHandler
                0x0800048c                TIM1_TRG_COM_IRQHandler
                0x0800048c                DMA1_Channel1_IRQHandler
                0x0800048c                Default_Handler
                0x0800048c                EXTI15_10_IRQHandler
                0x0800048c                EXTI9_5_IRQHandler
                0x0800048c                SPI2_IRQHandler
                0x0800048c                MemManage_Handler
                0x0800048c                SVC_Handler
                0x0800048c                DMA1_Channel5_IRQHandler
                0x0800048c                EXTI4_IRQHandler
                0x0800048c                USB_LP_CAN1_RX0_IRQHandler
                0x0800048c                USB_HP_CAN1_TX_IRQHandler
                0x0800048c                DMA1_Channel3_IRQHandler
                0x0800048c                TIM1_UP_IRQHandler
                0x0800048c                WWDG_IRQHandler
                0x0800048c                TIM2_IRQHandler
                0x0800048c                TIM1_BRK_IRQHandler
                0x0800048c                EXTI1_IRQHandler
                0x0800048c                USART2_IRQHandler
                0x0800048c                I2C2_ER_IRQHandler
                0x0800048c                DMA1_Channel2_IRQHandler
                0x0800048c                CAN1_SCE_IRQHandler
                0x0800048c                FLASH_IRQHandler
                0x0800048c                BusFault_Handler
                0x0800048c                USART1_IRQHandler
                0x0800048c                I2C1_ER_IRQHandler
                0x0800048c                RTC_Alarm_IRQHandler
 *(.glue_7)
 .glue_7        0x0800048e        0x0 linker stubs
 *(.glue_7t)
 .glue_7t       0x0800048e        0x0 linker stubs
 *(.eh_frame)
 *fill*         0x0800048e        0x2 
 .eh_frame      0x08000490        0x0 /Users/matisserheaume-viale/Library/Application Support/Code/User/globalStorage/mylonics.embedded-build-tools/tools/arm-none-eabi-gcc/bin/../lib/gcc/arm-none-eabi/15.2.1/thumb/v7-m/nofp/crtbegin.o
 *(.init)
 .init          0x08000490        0x4 /Users/matisserheaume-viale/Library/Application Support/Code/User/globalStorage/mylonics.embedded-build-tools/tools/arm-none-eabi-gcc/bin/../lib/gcc/arm-none-eabi/15.2.1/thumb/v7-m/nofp/crti.o
                0x08000490                _init
 .init          0x08000494        0x8 /Users/matisserheaume-viale/Library/Application Support/Code/User/globalStorage/mylonics.embedded-build-tools/tools/arm-none-eabi-gcc/bin/../lib/gcc/arm-none-eabi/15.2.1/thumb/v7-m/nofp/crtn.o
 *(.fini)
 .fini          0x0800049c        0x4 /Users/matisserheaume-viale/Library/Application Support/Code/User/globalStorage/mylonics.embedded-build-tools/tools/arm-none-eabi-gcc/bin/../lib/gcc/arm-none-eabi/15.2.1/thumb/v7-m/nofp/crti.o
                0x0800049c                _fini
 .fini          0x080004a0        0x8 /Users/matisserheaume-viale/Library/Application Support/Code/User/globalStorage/mylonics.embedded-build-tools/tools/arm-none-eabi-gcc/bin/../lib/gcc/arm-none-eabi/15.2.1/thumb/v7-m/nofp/crtn.o
                0x080004a8                        . = ALIGN (0x4)
                0x080004a8                        _etext = .

.vfp11_veneer   0x080004a8        0x0
 .vfp11_veneer  0x080004a8        0x0 linker stubs

.v4_bx          0x080004a8        0x0
 .v4_bx         0x080004a8        0x0 linker stubs

.iplt           0x080004a8        0x0
 .iplt          0x080004a8        0x0 /Users/matisserheaume-viale/Library/Application Support/Code/User/globalStorage/mylonics.embedded-build-tools/tools/arm-none-eabi-gcc/bin/../lib/gcc/arm-none-eabi/15.2.1/thumb/v7-m/nofp/crtbegin.o

.rodata         0x080004a8        0x0
                0x080004a8                        . = ALIGN (0x4)
 *(.rodata)
 *(.rodata*)
                0x080004a8                        . = ALIGN (0x4)

.ARM.extab      0x080004a8        0x0
                0x080004a8                        . = ALIGN (0x4)
 *(.ARM.extab* .gnu.linkonce.armextab.*)
                0x080004a8                        . = ALIGN (0x4)

.ARM            0x080004a8        0x0
                0x080004a8                        . = ALIGN (0x4)
                0x080004a8                        __exidx_start = .
 *(.ARM.exidx*)
                0x080004a8                        __exidx_end = .
                0x080004a8                        . = ALIGN (0x4)

.preinit_array  0x080004a8        0x0
                0x080004a8                        . = ALIGN (0x4)
                0x080004a8                        PROVIDE (__preinit_array_start = .)
 *(.preinit_array*)
                0x080004a8                        PROVIDE (__preinit_array_end = .)
                0x080004a8                        . = ALIGN (0x4)

.init_array     0x080004a8        0x8
                0x080004a8                        . = ALIGN (0x4)
                0x080004a8                        PROVIDE (__init_array_start = .)
 *(SORT_BY_NAME(.init_array.*))
 .init_array.00000
                0x080004a8        0x4 /Users/matisserheaume-viale/Library/Application Support/Code/User/globalStorage/mylonics.embedded-build-tools/tools/arm-none-eabi-gcc/bin/../lib/gcc/arm-none-eabi/15.2.1/../../../../arm-none-eabi/lib/thumb/v7-m/nofp/libc.a(libc_a-__call_atexit.o)
 *(.init_array*)
 .init_array    0x080004ac        0x4 /Users/matisserheaume-viale/Library/Application Support/Code/User/globalStorage/mylonics.embedded-build-tools/tools/arm-none-eabi-gcc/bin/../lib/gcc/arm-none-eabi/15.2.1/thumb/v7-m/nofp/crtbegin.o
                0x080004b0                        PROVIDE (__init_array_end = .)
                0x080004b0                        . = ALIGN (0x4)

.fini_array     0x080004b0        0x4
                0x080004b0                        . = ALIGN (0x4)
                0x080004b0                        PROVIDE (__fini_array_start = .)
 *(SORT_BY_NAME(.fini_array.*))
 *(.fini_array*)
 .fini_array    0x080004b0        0x4 /Users/matisserheaume-viale/Library/Application Support/Code/User/globalStorage/mylonics.embedded-build-tools/tools/arm-none-eabi-gcc/bin/../lib/gcc/arm-none-eabi/15.2.1/thumb/v7-m/nofp/crtbegin.o
                0x080004b4                        PROVIDE (__fini_array_end = .)
                0x080004b4                        . = ALIGN (0x4)
                0x080004b4                        _sidata = LOADADDR (.data)

.rel.dyn        0x080004b4        0x0
 .rel.iplt      0x080004b4        0x0 /Users/matisserheaume-viale/Library/Application Support/Code/User/globalStorage/mylonics.embedded-build-tools/tools/arm-none-eabi-gcc/bin/../lib/gcc/arm-none-eabi/15.2.1/thumb/v7-m/nofp/crtbegin.o

.data           0x20000000        0x4 load address 0x080004b4
                0x20000000                        _sdata = .
 *(.data)
 *(.data*)
 .data.__atexit_recursive_mutex
                0x20000000        0x4 /Users/matisserheaume-viale/Library/Application Support/Code/User/globalStorage/mylonics.embedded-build-tools/tools/arm-none-eabi-gcc/bin/../lib/gcc/arm-none-eabi/15.2.1/../../../../arm-none-eabi/lib/thumb/v7-m/nofp/libc.a(libc_a-__call_atexit.o)
                0x20000000                __atexit_recursive_mutex
 *(.RamFunc)
 *(.RamFunc*)
                0x20000004                        . = ALIGN (0x4)

.igot.plt       0x20000004        0x0 load address 0x080004b8
 .igot.plt      0x20000004        0x0 /Users/matisserheaume-viale/Library/Application Support/Code/User/globalStorage/mylonics.embedded-build-tools/tools/arm-none-eabi-gcc/bin/../lib/gcc/arm-none-eabi/15.2.1/thumb/v7-m/nofp/crtbegin.o

.tdata          0x20000004        0x0 load address 0x080004b8
 *(.tdata .tdata.* .gnu.linkonce.td.*)
                0x20000004                        . = ALIGN (0x4)
                0x20000004                        _edata = .
                [!provide]                        PROVIDE (__data_end = .)
                [!provide]                        PROVIDE (__tdata_end = .)
                [!provide]                        PROVIDE (__tdata_start = ADDR (.tdata))
                [!provide]                        PROVIDE (__tdata_size = (__tdata_end - __tdata_start))
                [!provide]                        PROVIDE (__data_start = ADDR (.data))
                [!provide]                        PROVIDE (__data_size = (__data_end - __data_start))
                [!provide]                        PROVIDE (__tdata_source = LOADADDR (.tdata))
                [!provide]                        PROVIDE (__tdata_source_end = (LOADADDR (.tdata) + SIZEOF (.tdata)))
                [!provide]                        PROVIDE (__tdata_source_size = (__tdata_source_end - __tdata_source))
                [!provide]                        PROVIDE (__data_source = LOADADDR (.data))
                [!provide]                        PROVIDE (__data_source_end = __tdata_source_end)
                [!provide]                        PROVIDE (__data_source_size = (__data_source_end - __data_source))

.tbss           0x20000004        0x0 load address 0x080004b8
                0x20000004                        _sbss = .
                0x20000004                        __bss_start__ = _sbss
                [!provide]                        PROVIDE (__bss_start = .)
 *(.tbss .tbss.*)
                0x20000004                        . = ALIGN (0x4)
                [!provide]                        PROVIDE (__tbss_end = .)
                [!provide]                        PROVIDE (__tbss_start = ADDR (.tbss))
                [!provide]                        PROVIDE (__tbss_size = (__tbss_end - __tbss_start))
                [!provide]                        PROVIDE (__tbss_offset = (ADDR (.tbss) - ADDR (.tdata)))
                [!provide]                        PROVIDE (__tls_base = __tdata_start)
                [!provide]                        PROVIDE (__tls_end = __tbss_end)
                [!provide]                        PROVIDE (__tls_size = (__tls_end - __tls_base))
                [!provide]                        PROVIDE (__tls_align = MAX (ALIGNOF (.tdata), ALIGNOF (.tbss)))
                [!provide]                        PROVIDE (__tls_size_align = (((__tls_size + __tls_align) - 0x1) & ~ ((__tls_align - 0x1))))
                [!provide]                        PROVIDE (__arm32_tls_tcb_offset = MAX (0x8, __tls_align))
                [!provide]                        PROVIDE (__arm64_tls_tcb_offset = MAX (0x10, __tls_align))

.bss            0x20000004      0x1b8 load address 0x080004b8
 *(.bss)
 *(.bss*)
 .bss.completed.1
                0x20000004        0x1 /Users/matisserheaume-viale/Library/Application Support/Code/User/globalStorage/mylonics.embedded-build-tools/tools/arm-none-eabi-gcc/bin/../lib/gcc/arm-none-eabi/15.2.1/thumb/v7-m/nofp/crtbegin.o
 *fill*         0x20000005        0x3 
 .bss.object.0  0x20000008       0x18 /Users/matisserheaume-viale/Library/Application Support/Code/User/globalStorage/mylonics.embedded-build-tools/tools/arm-none-eabi-gcc/bin/../lib/gcc/arm-none-eabi/15.2.1/thumb/v7-m/nofp/crtbegin.o
 .bss.__lock___atexit_recursive_mutex
                0x20000020        0x1 /Users/matisserheaume-viale/Library/Application Support/Code/User/globalStorage/mylonics.embedded-build-tools/tools/arm-none-eabi-gcc/bin/../lib/gcc/arm-none-eabi/15.2.1/../../../../arm-none-eabi/lib/thumb/v7-m/nofp/libc.a(libc_a-lock.o)
                0x20000020                __lock___atexit_recursive_mutex
 *fill*         0x20000021        0x3 
 .bss.__atexit0
                0x20000024      0x190 /Users/matisserheaume-viale/Library/Application Support/Code/User/globalStorage/mylonics.embedded-build-tools/tools/arm-none-eabi-gcc/bin/../lib/gcc/arm-none-eabi/15.2.1/../../../../arm-none-eabi/lib/thumb/v7-m/nofp/libc.a(libc_a-__atexit.o)
                0x20000024                __atexit0
 .bss.__atexit  0x200001b4        0x4 /Users/matisserheaume-viale/Library/Application Support/Code/User/globalStorage/mylonics.embedded-build-tools/tools/arm-none-eabi-gcc/bin/../lib/gcc/arm-none-eabi/15.2.1/../../../../arm-none-eabi/lib/thumb/v7-m/nofp/libc.a(libc_a-__call_atexit.o)
                0x200001b4                __atexit
 .bss.g_uiNowMs
                0x200001b8        0x4 CMakeFiles/Prog3-Lab-0.dir/Src/main.c.obj
 *(COMMON)
                0x200001bc                        . = ALIGN (0x4)
                0x200001bc                        _ebss = .
                0x200001bc                        __bss_end__ = _ebss
                [!provide]                        PROVIDE (__bss_end = .)
                [!provide]                        PROVIDE (__bss_size = (__bss_end - __bss_start))
                [!provide]                        PROVIDE (__non_tls_bss_start = ADDR (.bss))

._user_heap_stack
                0x200001bc      0x604 load address 0x080004b8
                0x200001c0                        . = ALIGN (0x8)
 *fill*         0x200001bc        0x4 
                [!provide]                        PROVIDE (end = .)
                0x200001c0                        PROVIDE (_end = .)
                0x200003c0                        . = (. + _Min_Heap_Size)
 *fill*         0x200001c0      0x200 
                0x200007c0                        . = (. + _Min_Stack_Size)
 *fill*         0x200003c0      0x400 
                0x200007c0                        . = ALIGN (0x8)

/DISCARD/
 libc.a:*(*)
 libm.a:*(*)
 libgcc.a:*(*)

.ARM.attributes
                0x00000000       0x29
 *(.ARM.attributes)
 .ARM.attributes
                0x00000000       0x1d /Users/matisserheaume-viale/Library/Application Support/Code/User/globalStorage/mylonics.embedded-build-tools/tools/arm-none-eabi-gcc/bin/../lib/gcc/arm-none-eabi/15.2.1/thumb/v7-m/nofp/crti.o
 .ARM.attributes
                0x0000001d       0x2d /Users/matisserheaume-viale/Library/Application Support/Code/User/globalStorage/mylonics.embedded-build-tools/tools/arm-none-eabi-gcc/bin/../lib/gcc/arm-none-eabi/15.2.1/thumb/v7-m/nofp/crtbegin.o
 .ARM.attributes
                0x0000004a       0x2d /Users/matisserheaume-viale/Library/Application Support/Code/User/globalStorage/mylonics.embedded-build-tools/tools/arm-none-eabi-gcc/bin/../lib/gcc/arm-none-eabi/15.2.1/../../../../arm-none-eabi/lib/thumb/v7-m/nofp/libc.a(libc_a-atexit.o)
 .ARM.attributes
                0x00000077       0x2d /Users/matisserheaume-viale/Library/Application Support/Code/User/globalStorage/mylonics.embedded-build-tools/tools/arm-none-eabi-gcc/bin/../lib/gcc/arm-none-eabi/15.2.1/../../../../arm-none-eabi/lib/thumb/v7-m/nofp/libc.a(libc_a-init.o)
 .ARM.attributes
                0x000000a4       0x2d /Users/matisserheaume-viale/Library/Application Support/Code/User/globalStorage/mylonics.embedded-build-tools/tools/arm-none-eabi-gcc/bin/../lib/gcc/arm-none-eabi/15.2.1/../../../../arm-none-eabi/lib/thumb/v7-m/nofp/libc.a(libc_a-fini.o)
 .ARM.attributes
                0x000000d1       0x2d /Users/matisserheaume-viale/Library/Application Support/Code/User/globalStorage/mylonics.embedded-build-tools/tools/arm-none-eabi-gcc/bin/../lib/gcc/arm-none-eabi/15.2.1/../../../../arm-none-eabi/lib/thumb/v7-m/nofp/libc.a(libc_a-lock.o)
 .ARM.attributes
                0x000000fe       0x2d /Users/matisserheaume-viale/Library/Application Support/Code/User/globalStorage/mylonics.embedded-build-tools/tools/arm-none-eabi-gcc/bin/../lib/gcc/arm-none-eabi/15.2.1/../../../../arm-none-eabi/lib/thumb/v7-m/nofp/libc.a(libc_a-__atexit.o)
 .ARM.attributes
                0x0000012b       0x2d /Users/matisserheaume-viale/Library/Application Support/Code/User/globalStorage/mylonics.embedded-build-tools/tools/arm-none-eabi-gcc/bin/../lib/gcc/arm-none-eabi/15.2.1/../../../../arm-none-eabi/lib/thumb/v7-m/nofp/libc.a(libc_a-__call_atexit.o)
 .ARM.attributes
                0x00000158       0x2d CMakeFiles/Prog3-Lab-0.dir/Src/main.c.obj
 .ARM.attributes
                0x00000185       0x21 CMakeFiles/Prog3-Lab-0.dir/Src/startup_stm32f103xb.s.obj
 .ARM.attributes
                0x000001a6       0x1d /Users/matisserheaume-viale/Library/Application Support/Code/User/globalStorage/mylonics.embedded-build-tools/tools/arm-none-eabi-gcc/bin/../lib/gcc/arm-none-eabi/15.2.1/thumb/v7-m/nofp/crtn.o
OUTPUT(Prog3-Lab-0.elf elf32-littlearm)
LOAD linker stubs

.comment        0x00000000       0x38
 .comment       0x00000000       0x38 /Users/matisserheaume-viale/Library/Application Support/Code/User/globalStorage/mylonics.embedded-build-tools/tools/arm-none-eabi-gcc/bin/../lib/gcc/arm-none-eabi/15.2.1/thumb/v7-m/nofp/crtbegin.o
                                 0x39 (size before relaxing)
 .comment       0x00000038        0x0 /Users/matisserheaume-viale/Library/Application Support/Code/User/globalStorage/mylonics.embedded-build-tools/tools/arm-none-eabi-gcc/bin/../lib/gcc/arm-none-eabi/15.2.1/../../../../arm-none-eabi/lib/thumb/v7-m/nofp/libc.a(libc_a-atexit.o)
                                 0x39 (size before relaxing)
 .comment       0x00000038        0x0 /Users/matisserheaume-viale/Library/Application Support/Code/User/globalStorage/mylonics.embedded-build-tools/tools/arm-none-eabi-gcc/bin/../lib/gcc/arm-none-eabi/15.2.1/../../../../arm-none-eabi/lib/thumb/v7-m/nofp/libc.a(libc_a-init.o)
                                 0x39 (size before relaxing)
 .comment       0x00000038        0x0 /Users/matisserheaume-viale/Library/Application Support/Code/User/globalStorage/mylonics.embedded-build-tools/tools/arm-none-eabi-gcc/bin/../lib/gcc/arm-none-eabi/15.2.1/../../../../arm-none-eabi/lib/thumb/v7-m/nofp/libc.a(libc_a-fini.o)
                                 0x39 (size before relaxing)
 .comment       0x00000038        0x0 /Users/matisserheaume-viale/Library/Application Support/Code/User/globalStorage/mylonics.embedded-build-tools/tools/arm-none-eabi-gcc/bin/../lib/gcc/arm-none-eabi/15.2.1/../../../../arm-none-eabi/lib/thumb/v7-m/nofp/libc.a(libc_a-lock.o)
                                 0x39 (size before relaxing)
 .comment       0x00000038        0x0 /Users/matisserheaume-viale/Library/Application Support/Code/User/globalStorage/mylonics.embedded-build-tools/tools/arm-none-eabi-gcc/bin/../lib/gcc/arm-none-eabi/15.2.1/../../../../arm-none-eabi/lib/thumb/v7-m/nofp/libc.a(libc_a-__atexit.o)
                                 0x39 (size before relaxing)
 .comment       0x00000038        0x0 /Users/matisserheaume-viale/Library/Application Support/Code/User/globalStorage/mylonics.embedded-build-tools/tools/arm-none-eabi-gcc/bin/../lib/gcc/arm-none-eabi/15.2.1/../../../../arm-none-eabi/lib/thumb/v7-m/nofp/libc.a(libc_a-__call_atexit.o)
                                 0x39 (size before relaxing)
 .comment       0x00000038        0x0 CMakeFiles/Prog3-Lab-0.dir/Src/main.c.obj
                                 0x39 (size before relaxing)

.debug_info     0x00000000      0x264
 .debug_info    0x00000000      0x234 CMakeFiles/Prog3-Lab-0.dir/Src/main.c.obj
 .debug_info    0x00000234       0x30 CMakeFiles/Prog3-Lab-0.dir/Src/startup_stm32f103xb.s.obj

.debug_abbrev   0x00000000      0x13b
 .debug_abbrev  0x00000000      0x117 CMakeFiles/Prog3-Lab-0.dir/Src/main.c.obj
 .debug_abbrev  0x00000117       0x24 CMakeFiles/Prog3-Lab-0.dir/Src/startup_stm32f103xb.s.obj

.debug_aranges  0x00000000       0x88
 .debug_aranges
                0x00000000       0x60 CMakeFiles/Prog3-Lab-0.dir/Src/main.c.obj
 .debug_aranges
                0x00000060       0x28 CMakeFiles/Prog3-Lab-0.dir/Src/startup_stm32f103xb.s.obj

.debug_rnglists
                0x00000000       0x5c
 .debug_rnglists
                0x00000000       0x43 CMakeFiles/Prog3-Lab-0.dir/Src/main.c.obj
 .debug_rnglists
                0x00000043       0x19 CMakeFiles/Prog3-Lab-0.dir/Src/startup_stm32f103xb.s.obj

.debug_macro    0x00000000      0x1ba
 .debug_macro   0x00000000       0xdb CMakeFiles/Prog3-Lab-0.dir/Src/main.c.obj
 .debug_macro   0x000000db       0x8e CMakeFiles/Prog3-Lab-0.dir/Src/main.c.obj
 .debug_macro   0x00000169       0x51 CMakeFiles/Prog3-Lab-0.dir/Src/main.c.obj

.debug_line     0x00000000      0x5af
 .debug_line    0x00000000      0x537 CMakeFiles/Prog3-Lab-0.dir/Src/main.c.obj
 .debug_line    0x00000537       0x78 CMakeFiles/Prog3-Lab-0.dir/Src/startup_stm32f103xb.s.obj

.debug_str      0x00000000     0x41bd
 .debug_str     0x00000000     0x41bd CMakeFiles/Prog3-Lab-0.dir/Src/main.c.obj
                               0x4262 (size before relaxing)
 .debug_str     0x000041bd        0x0 CMakeFiles/Prog3-Lab-0.dir/Src/startup_stm32f103xb.s.obj
                                0x174 (size before relaxing)

.debug_frame    0x00000000      0x148
 .debug_frame   0x00000000      0x148 CMakeFiles/Prog3-Lab-0.dir/Src/main.c.obj

.debug_line_str
                0x00000000      0x158
 .debug_line_str
                0x00000000      0x158 CMakeFiles/Prog3-Lab-0.dir/Src/startup_stm32f103xb.s.obj
