
Discarded input sections

 .text          0x00000000        0x0 CMakeFiles/firmware.dir/Users/matisserheaume-viale/Code/TEP-Session-3-2026-2027/243-356-LI_-_Programmation_3_-_Microcontroleurs_et_peripheriques/Laboratoires/Lab_2/Src/SysTick.c.obj
 .data          0x00000000        0x0 CMakeFiles/firmware.dir/Users/matisserheaume-viale/Code/TEP-Session-3-2026-2027/243-356-LI_-_Programmation_3_-_Microcontroleurs_et_peripheriques/Laboratoires/Lab_2/Src/SysTick.c.obj
 .bss           0x00000000        0x0 CMakeFiles/firmware.dir/Users/matisserheaume-viale/Code/TEP-Session-3-2026-2027/243-356-LI_-_Programmation_3_-_Microcontroleurs_et_peripheriques/Laboratoires/Lab_2/Src/SysTick.c.obj
 .text          0x00000000        0x0 CMakeFiles/firmware.dir/Users/matisserheaume-viale/Code/TEP-Session-3-2026-2027/243-356-LI_-_Programmation_3_-_Microcontroleurs_et_peripheriques/Laboratoires/Lab_2/Src/Timer2.c.obj
 .data          0x00000000        0x0 CMakeFiles/firmware.dir/Users/matisserheaume-viale/Code/TEP-Session-3-2026-2027/243-356-LI_-_Programmation_3_-_Microcontroleurs_et_peripheriques/Laboratoires/Lab_2/Src/Timer2.c.obj
 .bss           0x00000000        0x0 CMakeFiles/firmware.dir/Users/matisserheaume-viale/Code/TEP-Session-3-2026-2027/243-356-LI_-_Programmation_3_-_Microcontroleurs_et_peripheriques/Laboratoires/Lab_2/Src/Timer2.c.obj
 .text          0x00000000        0x0 CMakeFiles/firmware.dir/Users/matisserheaume-viale/Code/TEP-Session-3-2026-2027/243-356-LI_-_Programmation_3_-_Microcontroleurs_et_peripheriques/Laboratoires/Lab_2/Src/gpio.c.obj
 .data          0x00000000        0x0 CMakeFiles/firmware.dir/Users/matisserheaume-viale/Code/TEP-Session-3-2026-2027/243-356-LI_-_Programmation_3_-_Microcontroleurs_et_peripheriques/Laboratoires/Lab_2/Src/gpio.c.obj
 .bss           0x00000000        0x0 CMakeFiles/firmware.dir/Users/matisserheaume-viale/Code/TEP-Session-3-2026-2027/243-356-LI_-_Programmation_3_-_Microcontroleurs_et_peripheriques/Laboratoires/Lab_2/Src/gpio.c.obj
 .text          0x00000000        0x0 CMakeFiles/firmware.dir/Users/matisserheaume-viale/Code/TEP-Session-3-2026-2027/243-356-LI_-_Programmation_3_-_Microcontroleurs_et_peripheriques/Laboratoires/Lab_2/Src/main.c.obj
 .data          0x00000000        0x0 CMakeFiles/firmware.dir/Users/matisserheaume-viale/Code/TEP-Session-3-2026-2027/243-356-LI_-_Programmation_3_-_Microcontroleurs_et_peripheriques/Laboratoires/Lab_2/Src/main.c.obj
 .bss           0x00000000        0x0 CMakeFiles/firmware.dir/Users/matisserheaume-viale/Code/TEP-Session-3-2026-2027/243-356-LI_-_Programmation_3_-_Microcontroleurs_et_peripheriques/Laboratoires/Lab_2/Src/main.c.obj
 .data          0x00000000        0x0 CMakeFiles/firmware.dir/Users/matisserheaume-viale/Code/TEP-Session-3-2026-2027/243-356-LI_-_Programmation_3_-_Microcontroleurs_et_peripheriques/Laboratoires/Lab_2/startup_stm32f103xb.s.obj
 .bss           0x00000000        0x0 CMakeFiles/firmware.dir/Users/matisserheaume-viale/Code/TEP-Session-3-2026-2027/243-356-LI_-_Programmation_3_-_Microcontroleurs_et_peripheriques/Laboratoires/Lab_2/startup_stm32f103xb.s.obj

Memory Configuration

Name             Origin             Length             Attributes
RAMEXEC          0x20000000         0x00005000         xrw
FLASH            0x08000000         0x00020000         xr
*default*        0x00000000         0xffffffff

Linker script and memory map

START GROUP
LOAD /Users/matisserheaume-viale/Library/Application Support/Code/User/globalStorage/mylonics.embedded-build-tools/tools/arm-none-eabi-gcc/bin/../lib/gcc/arm-none-eabi/15.2.1/../../../../arm-none-eabi/lib/thumb/v7-m/nofp/libc_nano.a
LOAD /Users/matisserheaume-viale/Library/Application Support/Code/User/globalStorage/mylonics.embedded-build-tools/tools/arm-none-eabi-gcc/bin/../lib/gcc/arm-none-eabi/15.2.1/../../../../arm-none-eabi/lib/thumb/v7-m/nofp/libm.a
END GROUP
LOAD CMakeFiles/firmware.dir/Users/matisserheaume-viale/Code/TEP-Session-3-2026-2027/243-356-LI_-_Programmation_3_-_Microcontroleurs_et_peripheriques/Laboratoires/Lab_2/Src/SysTick.c.obj
LOAD CMakeFiles/firmware.dir/Users/matisserheaume-viale/Code/TEP-Session-3-2026-2027/243-356-LI_-_Programmation_3_-_Microcontroleurs_et_peripheriques/Laboratoires/Lab_2/Src/Timer2.c.obj
LOAD CMakeFiles/firmware.dir/Users/matisserheaume-viale/Code/TEP-Session-3-2026-2027/243-356-LI_-_Programmation_3_-_Microcontroleurs_et_peripheriques/Laboratoires/Lab_2/Src/gpio.c.obj
LOAD CMakeFiles/firmware.dir/Users/matisserheaume-viale/Code/TEP-Session-3-2026-2027/243-356-LI_-_Programmation_3_-_Microcontroleurs_et_peripheriques/Laboratoires/Lab_2/Src/main.c.obj
LOAD CMakeFiles/firmware.dir/Users/matisserheaume-viale/Code/TEP-Session-3-2026-2027/243-356-LI_-_Programmation_3_-_Microcontroleurs_et_peripheriques/Laboratoires/Lab_2/startup_stm32f103xb.s.obj
START GROUP
LOAD /Users/matisserheaume-viale/Library/Application Support/Code/User/globalStorage/mylonics.embedded-build-tools/tools/arm-none-eabi-gcc/bin/../lib/gcc/arm-none-eabi/15.2.1/thumb/v7-m/nofp/libgcc.a
LOAD /Users/matisserheaume-viale/Library/Application Support/Code/User/globalStorage/mylonics.embedded-build-tools/tools/arm-none-eabi-gcc/bin/../lib/gcc/arm-none-eabi/15.2.1/../../../../arm-none-eabi/lib/thumb/v7-m/nofp/libg_nano.a
LOAD /Users/matisserheaume-viale/Library/Application Support/Code/User/globalStorage/mylonics.embedded-build-tools/tools/arm-none-eabi-gcc/bin/../lib/gcc/arm-none-eabi/15.2.1/../../../../arm-none-eabi/lib/thumb/v7-m/nofp/libc_nano.a
END GROUP
START GROUP
LOAD /Users/matisserheaume-viale/Library/Application Support/Code/User/globalStorage/mylonics.embedded-build-tools/tools/arm-none-eabi-gcc/bin/../lib/gcc/arm-none-eabi/15.2.1/thumb/v7-m/nofp/libgcc.a
LOAD /Users/matisserheaume-viale/Library/Application Support/Code/User/globalStorage/mylonics.embedded-build-tools/tools/arm-none-eabi-gcc/bin/../lib/gcc/arm-none-eabi/15.2.1/../../../../arm-none-eabi/lib/thumb/v7-m/nofp/libc_nano.a
LOAD /Users/matisserheaume-viale/Library/Application Support/Code/User/globalStorage/mylonics.embedded-build-tools/tools/arm-none-eabi-gcc/bin/../lib/gcc/arm-none-eabi/15.2.1/../../../../arm-none-eabi/lib/thumb/v7-m/nofp/libnosys.a
END GROUP
START GROUP
LOAD /Users/matisserheaume-viale/Library/Application Support/Code/User/globalStorage/mylonics.embedded-build-tools/tools/arm-none-eabi-gcc/bin/../lib/gcc/arm-none-eabi/15.2.1/thumb/v7-m/nofp/libgcc.a
LOAD /Users/matisserheaume-viale/Library/Application Support/Code/User/globalStorage/mylonics.embedded-build-tools/tools/arm-none-eabi-gcc/bin/../lib/gcc/arm-none-eabi/15.2.1/../../../../arm-none-eabi/lib/thumb/v7-m/nofp/libc_nano.a
LOAD /Users/matisserheaume-viale/Library/Application Support/Code/User/globalStorage/mylonics.embedded-build-tools/tools/arm-none-eabi-gcc/bin/../lib/gcc/arm-none-eabi/15.2.1/../../../../arm-none-eabi/lib/thumb/v7-m/nofp/libnosys.a
END GROUP
                0x20005000                        _estack = (ORIGIN (RAMEXEC) + LENGTH (RAMEXEC))
                0x00000200                        _Min_Heap_Size = 0x200
                0x00000400                        _Min_Stack_Size = 0x400

.isr_vector     0x08000000       0xec
                0x08000000                        . = ALIGN (0x4)
 *(.isr_vector)
 .isr_vector    0x08000000       0xec CMakeFiles/firmware.dir/Users/matisserheaume-viale/Code/TEP-Session-3-2026-2027/243-356-LI_-_Programmation_3_-_Microcontroleurs_et_peripheriques/Laboratoires/Lab_2/startup_stm32f103xb.s.obj
                0x08000000                g_pfnVectors
                0x080000ec                        . = ALIGN (0x4)

.text           0x080000ec      0x4ac
                0x080000ec                        . = ALIGN (0x4)
 *(.text)
 .text          0x080000ec       0x60 CMakeFiles/firmware.dir/Users/matisserheaume-viale/Code/TEP-Session-3-2026-2027/243-356-LI_-_Programmation_3_-_Microcontroleurs_et_peripheriques/Laboratoires/Lab_2/startup_stm32f103xb.s.obj
                0x080000ec                Reset_Handler
                0x0800012e                Default_Handler
 *(.text*)
 .text.SysTick_Init
                0x0800014c       0x3c CMakeFiles/firmware.dir/Users/matisserheaume-viale/Code/TEP-Session-3-2026-2027/243-356-LI_-_Programmation_3_-_Microcontroleurs_et_peripheriques/Laboratoires/Lab_2/Src/SysTick.c.obj
                0x0800014c                SysTick_Init
 .text.SysTick_GetMs
                0x08000188       0x14 CMakeFiles/firmware.dir/Users/matisserheaume-viale/Code/TEP-Session-3-2026-2027/243-356-LI_-_Programmation_3_-_Microcontroleurs_et_peripheriques/Laboratoires/Lab_2/Src/SysTick.c.obj
                0x08000188                SysTick_GetMs
 .text.SysTick_Handler
                0x0800019c       0x1c CMakeFiles/firmware.dir/Users/matisserheaume-viale/Code/TEP-Session-3-2026-2027/243-356-LI_-_Programmation_3_-_Microcontroleurs_et_peripheriques/Laboratoires/Lab_2/Src/SysTick.c.obj
                0x0800019c                SysTick_Handler
 .text.Timer2_Stop
                0x080001b8       0x64 CMakeFiles/firmware.dir/Users/matisserheaume-viale/Code/TEP-Session-3-2026-2027/243-356-LI_-_Programmation_3_-_Microcontroleurs_et_peripheriques/Laboratoires/Lab_2/Src/Timer2.c.obj
                0x080001b8                Timer2_Stop
 .text.Timer2_Start
                0x0800021c       0x5c CMakeFiles/firmware.dir/Users/matisserheaume-viale/Code/TEP-Session-3-2026-2027/243-356-LI_-_Programmation_3_-_Microcontroleurs_et_peripheriques/Laboratoires/Lab_2/Src/Timer2.c.obj
 .text.Timer2_PWMInit
                0x08000278       0x40 CMakeFiles/firmware.dir/Users/matisserheaume-viale/Code/TEP-Session-3-2026-2027/243-356-LI_-_Programmation_3_-_Microcontroleurs_et_peripheriques/Laboratoires/Lab_2/Src/Timer2.c.obj
                0x08000278                Timer2_PWMInit
 .text.Timer2_InterruptInit
                0x080002b8       0x34 CMakeFiles/firmware.dir/Users/matisserheaume-viale/Code/TEP-Session-3-2026-2027/243-356-LI_-_Programmation_3_-_Microcontroleurs_et_peripheriques/Laboratoires/Lab_2/Src/Timer2.c.obj
                0x080002b8                Timer2_InterruptInit
 .text.TIM2_IRQHandler
                0x080002ec       0x78 CMakeFiles/firmware.dir/Users/matisserheaume-viale/Code/TEP-Session-3-2026-2027/243-356-LI_-_Programmation_3_-_Microcontroleurs_et_peripheriques/Laboratoires/Lab_2/Src/Timer2.c.obj
                0x080002ec                TIM2_IRQHandler
 .text.LED_Init
                0x08000364       0x3c CMakeFiles/firmware.dir/Users/matisserheaume-viale/Code/TEP-Session-3-2026-2027/243-356-LI_-_Programmation_3_-_Microcontroleurs_et_peripheriques/Laboratoires/Lab_2/Src/gpio.c.obj
                0x08000364                LED_Init
 .text.LED_Set  0x080003a0       0x38 CMakeFiles/firmware.dir/Users/matisserheaume-viale/Code/TEP-Session-3-2026-2027/243-356-LI_-_Programmation_3_-_Microcontroleurs_et_peripheriques/Laboratoires/Lab_2/Src/gpio.c.obj
                0x080003a0                LED_Set
 .text.LED_Toggle
                0x080003d8       0x24 CMakeFiles/firmware.dir/Users/matisserheaume-viale/Code/TEP-Session-3-2026-2027/243-356-LI_-_Programmation_3_-_Microcontroleurs_et_peripheriques/Laboratoires/Lab_2/Src/gpio.c.obj
                0x080003d8                LED_Toggle
 .text.Button_Init
                0x080003fc       0x38 CMakeFiles/firmware.dir/Users/matisserheaume-viale/Code/TEP-Session-3-2026-2027/243-356-LI_-_Programmation_3_-_Microcontroleurs_et_peripheriques/Laboratoires/Lab_2/Src/gpio.c.obj
                0x080003fc                Button_Init
 .text.Button_Read
                0x08000434       0x3c CMakeFiles/firmware.dir/Users/matisserheaume-viale/Code/TEP-Session-3-2026-2027/243-356-LI_-_Programmation_3_-_Microcontroleurs_et_peripheriques/Laboratoires/Lab_2/Src/gpio.c.obj
                0x08000434                Button_Read
 .text.SystemInit
                0x08000470       0x58 CMakeFiles/firmware.dir/Users/matisserheaume-viale/Code/TEP-Session-3-2026-2027/243-356-LI_-_Programmation_3_-_Microcontroleurs_et_peripheriques/Laboratoires/Lab_2/Src/main.c.obj
                0x08000470                SystemInit
 .text.main     0x080004c8       0xd0 CMakeFiles/firmware.dir/Users/matisserheaume-viale/Code/TEP-Session-3-2026-2027/243-356-LI_-_Programmation_3_-_Microcontroleurs_et_peripheriques/Laboratoires/Lab_2/Src/main.c.obj
                0x080004c8                main
 *(.glue_7)
 .glue_7        0x08000598        0x0 linker stubs
 *(.glue_7t)
 .glue_7t       0x08000598        0x0 linker stubs
 *(.eh_frame)
 *(.init)
 *(.fini)
                0x08000598                        . = ALIGN (0x4)
                0x08000598                        _etext = .

.vfp11_veneer   0x08000598        0x0
 .vfp11_veneer  0x08000598        0x0 linker stubs

.v4_bx          0x08000598        0x0
 .v4_bx         0x08000598        0x0 linker stubs

.iplt           0x08000598        0x0
 .iplt          0x08000598        0x0 CMakeFiles/firmware.dir/Users/matisserheaume-viale/Code/TEP-Session-3-2026-2027/243-356-LI_-_Programmation_3_-_Microcontroleurs_et_peripheriques/Laboratoires/Lab_2/Src/SysTick.c.obj

.rel.dyn        0x08000598        0x0
 .rel.iplt      0x08000598        0x0 CMakeFiles/firmware.dir/Users/matisserheaume-viale/Code/TEP-Session-3-2026-2027/243-356-LI_-_Programmation_3_-_Microcontroleurs_et_peripheriques/Laboratoires/Lab_2/Src/SysTick.c.obj

.rodata         0x08000598        0x0
                0x08000598                        . = ALIGN (0x4)
 *(.rodata)
 *(.rodata*)
                0x08000598                        . = ALIGN (0x4)

.ARM.extab      0x08000598        0x0
                0x08000598                        . = ALIGN (0x4)
 *(.ARM.extab* .gnu.linkonce.armextab.*)
                0x08000598                        . = ALIGN (0x4)

.ARM            0x08000598        0x0
                0x08000598                        . = ALIGN (0x4)
                0x08000598                        __exidx_start = .
 *(.ARM.exidx*)
                0x08000598                        __exidx_end = .
                0x08000598                        . = ALIGN (0x4)

.preinit_array  0x08000598        0x0
                0x08000598                        . = ALIGN (0x4)
                [!provide]                        PROVIDE (__preinit_array_start = .)
 *(.preinit_array*)
                [!provide]                        PROVIDE (__preinit_array_end = .)
                0x08000598                        . = ALIGN (0x4)

.init_array     0x08000598        0x0
                0x08000598                        . = ALIGN (0x4)
                [!provide]                        PROVIDE (__init_array_start = .)
 *(SORT_BY_NAME(.init_array.*))
 *(.init_array*)
                [!provide]                        PROVIDE (__init_array_end = .)
                0x08000598                        . = ALIGN (0x4)

.fini_array     0x08000598        0x0
                0x08000598                        . = ALIGN (0x4)
                [!provide]                        PROVIDE (__fini_array_start = .)
 *(SORT_BY_NAME(.fini_array.*))
 *(.fini_array*)
                [!provide]                        PROVIDE (__fini_array_end = .)
                0x08000598                        . = ALIGN (0x4)
                0x08000598                        _sidata = LOADADDR (.data)

.data           0x20000000        0x0 load address 0x08000598
                0x20000000                        _sdata = .
 *(.data)
 *(.data*)
 *(.RamFunc)
 *(.RamFunc*)
                0x20000000                        . = ALIGN (0x4)

.igot.plt       0x20000000        0x0 load address 0x08000598
 .igot.plt      0x20000000        0x0 CMakeFiles/firmware.dir/Users/matisserheaume-viale/Code/TEP-Session-3-2026-2027/243-356-LI_-_Programmation_3_-_Microcontroleurs_et_peripheriques/Laboratoires/Lab_2/Src/SysTick.c.obj

.tdata          0x20000000        0x0 load address 0x08000598
 *(.tdata .tdata.* .gnu.linkonce.td.*)
                0x20000000                        . = ALIGN (0x4)
                0x20000000                        _edata = .
                [!provide]                        PROVIDE (__data_end = .)
                [!provide]                        PROVIDE (__tdata_end = .)
                [!provide]                        PROVIDE (__tdata_start = ADDR (.tdata))
                [!provide]                        PROVIDE (__tdata_size = (__tdata_end - __tdata_start))
                [!provide]                        PROVIDE (__data_start = ADDR (.data))
                [!provide]                        PROVIDE (__data_size = (__data_end - __data_start))
                [!provide]                        PROVIDE (__tdata_source = LOADADDR (.tdata))
                [!provide]                        PROVIDE (__tdata_source_end = (LOADADDR (.tdata) + SIZEOF (.tdata)))
                [!provide]                        PROVIDE (__tdata_source_size = (__tdata_source_end - __tdata_source))
                [!provide]                        PROVIDE (__data_source = LOADADDR (.data))
                [!provide]                        PROVIDE (__data_source_end = __tdata_source_end)
                [!provide]                        PROVIDE (__data_source_size = (__data_source_end - __data_source))

.tbss           0x20000000        0x0 load address 0x08000598
                0x20000000                        _sbss = .
                0x20000000                        __bss_start__ = _sbss
                [!provide]                        PROVIDE (__bss_start = .)
 *(.tbss .tbss.*)
                0x20000000                        . = ALIGN (0x4)
                [!provide]                        PROVIDE (__tbss_end = .)
                [!provide]                        PROVIDE (__tbss_start = ADDR (.tbss))
                [!provide]                        PROVIDE (__tbss_size = (__tbss_end - __tbss_start))
                [!provide]                        PROVIDE (__tbss_offset = (ADDR (.tbss) - ADDR (.tdata)))
                [!provide]                        PROVIDE (__tls_base = __tdata_start)
                [!provide]                        PROVIDE (__tls_end = __tbss_end)
                [!provide]                        PROVIDE (__tls_size = (__tls_end - __tls_base))
                [!provide]                        PROVIDE (__tls_align = MAX (ALIGNOF (.tdata), ALIGNOF (.tbss)))
                [!provide]                        PROVIDE (__tls_size_align = (((__tls_size + __tls_align) - 0x1) & ~ ((__tls_align - 0x1))))
                [!provide]                        PROVIDE (__arm32_tls_tcb_offset = MAX (0x8, __tls_align))
                [!provide]                        PROVIDE (__arm64_tls_tcb_offset = MAX (0x10, __tls_align))

.bss            0x20000000        0x8 load address 0x08000598
 *(.bss)
 *(.bss*)
 .bss.tempsMs   0x20000000        0x4 CMakeFiles/firmware.dir/Users/matisserheaume-viale/Code/TEP-Session-3-2026-2027/243-356-LI_-_Programmation_3_-_Microcontroleurs_et_peripheriques/Laboratoires/Lab_2/Src/SysTick.c.obj
 .bss.modeTimer
                0x20000004        0x1 CMakeFiles/firmware.dir/Users/matisserheaume-viale/Code/TEP-Session-3-2026-2027/243-356-LI_-_Programmation_3_-_Microcontroleurs_et_peripheriques/Laboratoires/Lab_2/Src/Timer2.c.obj
 .bss.compteurPWM
                0x20000005        0x1 CMakeFiles/firmware.dir/Users/matisserheaume-viale/Code/TEP-Session-3-2026-2027/243-356-LI_-_Programmation_3_-_Microcontroleurs_et_peripheriques/Laboratoires/Lab_2/Src/Timer2.c.obj
 .bss.etatLED   0x20000006        0x1 CMakeFiles/firmware.dir/Users/matisserheaume-viale/Code/TEP-Session-3-2026-2027/243-356-LI_-_Programmation_3_-_Microcontroleurs_et_peripheriques/Laboratoires/Lab_2/Src/gpio.c.obj
 *(COMMON)
                0x20000008                        . = ALIGN (0x4)
 *fill*         0x20000007        0x1 
                0x20000008                        _ebss = .
                0x20000008                        __bss_end__ = _ebss
                [!provide]                        PROVIDE (__bss_end = .)
                [!provide]                        PROVIDE (__bss_size = (__bss_end - __bss_start))
                [!provide]                        PROVIDE (__non_tls_bss_start = ADDR (.bss))

._user_heap_stack
                0x20000008      0x600 load address 0x08000598
                0x20000008                        . = ALIGN (0x8)
                [!provide]                        PROVIDE (end = .)
                [!provide]                        PROVIDE (_end = .)
                0x20000208                        . = (. + _Min_Heap_Size)
 *fill*         0x20000008      0x200 
                0x20000608                        . = (. + _Min_Stack_Size)
 *fill*         0x20000208      0x400 
                0x20000608                        . = ALIGN (0x8)

/DISCARD/
 libc.a:*(*)
 libm.a:*(*)
 libgcc.a:*(*)

.ARM.attributes
                0x00000000       0x2b
 *(.ARM.attributes)
 .ARM.attributes
                0x00000000       0x2d CMakeFiles/firmware.dir/Users/matisserheaume-viale/Code/TEP-Session-3-2026-2027/243-356-LI_-_Programmation_3_-_Microcontroleurs_et_peripheriques/Laboratoires/Lab_2/Src/SysTick.c.obj
 .ARM.attributes
                0x0000002d       0x2d CMakeFiles/firmware.dir/Users/matisserheaume-viale/Code/TEP-Session-3-2026-2027/243-356-LI_-_Programmation_3_-_Microcontroleurs_et_peripheriques/Laboratoires/Lab_2/Src/Timer2.c.obj
 .ARM.attributes
                0x0000005a       0x2d CMakeFiles/firmware.dir/Users/matisserheaume-viale/Code/TEP-Session-3-2026-2027/243-356-LI_-_Programmation_3_-_Microcontroleurs_et_peripheriques/Laboratoires/Lab_2/Src/gpio.c.obj
 .ARM.attributes
                0x00000087       0x2d CMakeFiles/firmware.dir/Users/matisserheaume-viale/Code/TEP-Session-3-2026-2027/243-356-LI_-_Programmation_3_-_Microcontroleurs_et_peripheriques/Laboratoires/Lab_2/Src/main.c.obj
 .ARM.attributes
                0x000000b4       0x21 CMakeFiles/firmware.dir/Users/matisserheaume-viale/Code/TEP-Session-3-2026-2027/243-356-LI_-_Programmation_3_-_Microcontroleurs_et_peripheriques/Laboratoires/Lab_2/startup_stm32f103xb.s.obj
OUTPUT(firmware.elf elf32-littlearm)
LOAD linker stubs

.debug_info     0x00000000      0x372
 .debug_info    0x00000000       0x80 CMakeFiles/firmware.dir/Users/matisserheaume-viale/Code/TEP-Session-3-2026-2027/243-356-LI_-_Programmation_3_-_Microcontroleurs_et_peripheriques/Laboratoires/Lab_2/Src/SysTick.c.obj
 .debug_info    0x00000080       0xc6 CMakeFiles/firmware.dir/Users/matisserheaume-viale/Code/TEP-Session-3-2026-2027/243-356-LI_-_Programmation_3_-_Microcontroleurs_et_peripheriques/Laboratoires/Lab_2/Src/Timer2.c.obj
 .debug_info    0x00000146       0xc5 CMakeFiles/firmware.dir/Users/matisserheaume-viale/Code/TEP-Session-3-2026-2027/243-356-LI_-_Programmation_3_-_Microcontroleurs_et_peripheriques/Laboratoires/Lab_2/Src/gpio.c.obj
 .debug_info    0x0000020b      0x12b CMakeFiles/firmware.dir/Users/matisserheaume-viale/Code/TEP-Session-3-2026-2027/243-356-LI_-_Programmation_3_-_Microcontroleurs_et_peripheriques/Laboratoires/Lab_2/Src/main.c.obj
 .debug_info    0x00000336       0x3c CMakeFiles/firmware.dir/Users/matisserheaume-viale/Code/TEP-Session-3-2026-2027/243-356-LI_-_Programmation_3_-_Microcontroleurs_et_peripheriques/Laboratoires/Lab_2/startup_stm32f103xb.s.obj

.debug_abbrev   0x00000000      0x2c5
 .debug_abbrev  0x00000000       0x73 CMakeFiles/firmware.dir/Users/matisserheaume-viale/Code/TEP-Session-3-2026-2027/243-356-LI_-_Programmation_3_-_Microcontroleurs_et_peripheriques/Laboratoires/Lab_2/Src/SysTick.c.obj
 .debug_abbrev  0x00000073       0xb9 CMakeFiles/firmware.dir/Users/matisserheaume-viale/Code/TEP-Session-3-2026-2027/243-356-LI_-_Programmation_3_-_Microcontroleurs_et_peripheriques/Laboratoires/Lab_2/Src/Timer2.c.obj
 .debug_abbrev  0x0000012c       0xb4 CMakeFiles/firmware.dir/Users/matisserheaume-viale/Code/TEP-Session-3-2026-2027/243-356-LI_-_Programmation_3_-_Microcontroleurs_et_peripheriques/Laboratoires/Lab_2/Src/gpio.c.obj
 .debug_abbrev  0x000001e0       0xbd CMakeFiles/firmware.dir/Users/matisserheaume-viale/Code/TEP-Session-3-2026-2027/243-356-LI_-_Programmation_3_-_Microcontroleurs_et_peripheriques/Laboratoires/Lab_2/Src/main.c.obj
 .debug_abbrev  0x0000029d       0x28 CMakeFiles/firmware.dir/Users/matisserheaume-viale/Code/TEP-Session-3-2026-2027/243-356-LI_-_Programmation_3_-_Microcontroleurs_et_peripheriques/Laboratoires/Lab_2/startup_stm32f103xb.s.obj

.debug_aranges  0x00000000       0xf8
 .debug_aranges
                0x00000000       0x30 CMakeFiles/firmware.dir/Users/matisserheaume-viale/Code/TEP-Session-3-2026-2027/243-356-LI_-_Programmation_3_-_Microcontroleurs_et_peripheriques/Laboratoires/Lab_2/Src/SysTick.c.obj
 .debug_aranges
                0x00000030       0x40 CMakeFiles/firmware.dir/Users/matisserheaume-viale/Code/TEP-Session-3-2026-2027/243-356-LI_-_Programmation_3_-_Microcontroleurs_et_peripheriques/Laboratoires/Lab_2/Src/Timer2.c.obj
 .debug_aranges
                0x00000070       0x40 CMakeFiles/firmware.dir/Users/matisserheaume-viale/Code/TEP-Session-3-2026-2027/243-356-LI_-_Programmation_3_-_Microcontroleurs_et_peripheriques/Laboratoires/Lab_2/Src/gpio.c.obj
 .debug_aranges
                0x000000b0       0x28 CMakeFiles/firmware.dir/Users/matisserheaume-viale/Code/TEP-Session-3-2026-2027/243-356-LI_-_Programmation_3_-_Microcontroleurs_et_peripheriques/Laboratoires/Lab_2/Src/main.c.obj
 .debug_aranges
                0x000000d8       0x20 CMakeFiles/firmware.dir/Users/matisserheaume-viale/Code/TEP-Session-3-2026-2027/243-356-LI_-_Programmation_3_-_Microcontroleurs_et_peripheriques/Laboratoires/Lab_2/startup_stm32f103xb.s.obj

.debug_rnglists
                0x00000000       0x8f
 .debug_rnglists
                0x00000000       0x1f CMakeFiles/firmware.dir/Users/matisserheaume-viale/Code/TEP-Session-3-2026-2027/243-356-LI_-_Programmation_3_-_Microcontroleurs_et_peripheriques/Laboratoires/Lab_2/Src/SysTick.c.obj
 .debug_rnglists
                0x0000001f       0x2b CMakeFiles/firmware.dir/Users/matisserheaume-viale/Code/TEP-Session-3-2026-2027/243-356-LI_-_Programmation_3_-_Microcontroleurs_et_peripheriques/Laboratoires/Lab_2/Src/Timer2.c.obj
 .debug_rnglists
                0x0000004a       0x2b CMakeFiles/firmware.dir/Users/matisserheaume-viale/Code/TEP-Session-3-2026-2027/243-356-LI_-_Programmation_3_-_Microcontroleurs_et_peripheriques/Laboratoires/Lab_2/Src/gpio.c.obj
 .debug_rnglists
                0x00000075       0x1a CMakeFiles/firmware.dir/Users/matisserheaume-viale/Code/TEP-Session-3-2026-2027/243-356-LI_-_Programmation_3_-_Microcontroleurs_et_peripheriques/Laboratoires/Lab_2/Src/main.c.obj

.debug_line     0x00000000      0x7c6
 .debug_line    0x00000000      0x118 CMakeFiles/firmware.dir/Users/matisserheaume-viale/Code/TEP-Session-3-2026-2027/243-356-LI_-_Programmation_3_-_Microcontroleurs_et_peripheriques/Laboratoires/Lab_2/Src/SysTick.c.obj
 .debug_line    0x00000118      0x27d CMakeFiles/firmware.dir/Users/matisserheaume-viale/Code/TEP-Session-3-2026-2027/243-356-LI_-_Programmation_3_-_Microcontroleurs_et_peripheriques/Laboratoires/Lab_2/Src/Timer2.c.obj
 .debug_line    0x00000395      0x184 CMakeFiles/firmware.dir/Users/matisserheaume-viale/Code/TEP-Session-3-2026-2027/243-356-LI_-_Programmation_3_-_Microcontroleurs_et_peripheriques/Laboratoires/Lab_2/Src/gpio.c.obj
 .debug_line    0x00000519      0x240 CMakeFiles/firmware.dir/Users/matisserheaume-viale/Code/TEP-Session-3-2026-2027/243-356-LI_-_Programmation_3_-_Microcontroleurs_et_peripheriques/Laboratoires/Lab_2/Src/main.c.obj
 .debug_line    0x00000759       0x6d CMakeFiles/firmware.dir/Users/matisserheaume-viale/Code/TEP-Session-3-2026-2027/243-356-LI_-_Programmation_3_-_Microcontroleurs_et_peripheriques/Laboratoires/Lab_2/startup_stm32f103xb.s.obj

.debug_str      0x00000000      0x585
 .debug_str     0x00000000      0x585 CMakeFiles/firmware.dir/Users/matisserheaume-viale/Code/TEP-Session-3-2026-2027/243-356-LI_-_Programmation_3_-_Microcontroleurs_et_peripheriques/Laboratoires/Lab_2/Src/SysTick.c.obj
                                0x1e9 (size before relaxing)
 .debug_str     0x00000585        0x0 CMakeFiles/firmware.dir/Users/matisserheaume-viale/Code/TEP-Session-3-2026-2027/243-356-LI_-_Programmation_3_-_Microcontroleurs_et_peripheriques/Laboratoires/Lab_2/Src/Timer2.c.obj
                                0x22c (size before relaxing)
 .debug_str     0x00000585        0x0 CMakeFiles/firmware.dir/Users/matisserheaume-viale/Code/TEP-Session-3-2026-2027/243-356-LI_-_Programmation_3_-_Microcontroleurs_et_peripheriques/Laboratoires/Lab_2/Src/gpio.c.obj
                                0x1fc (size before relaxing)
 .debug_str     0x00000585        0x0 CMakeFiles/firmware.dir/Users/matisserheaume-viale/Code/TEP-Session-3-2026-2027/243-356-LI_-_Programmation_3_-_Microcontroleurs_et_peripheriques/Laboratoires/Lab_2/Src/main.c.obj
                                0x291 (size before relaxing)
 .debug_str     0x00000585        0x0 CMakeFiles/firmware.dir/Users/matisserheaume-viale/Code/TEP-Session-3-2026-2027/243-356-LI_-_Programmation_3_-_Microcontroleurs_et_peripheriques/Laboratoires/Lab_2/startup_stm32f103xb.s.obj
                                0x166 (size before relaxing)

.comment        0x00000000       0x38
 .comment       0x00000000       0x38 CMakeFiles/firmware.dir/Users/matisserheaume-viale/Code/TEP-Session-3-2026-2027/243-356-LI_-_Programmation_3_-_Microcontroleurs_et_peripheriques/Laboratoires/Lab_2/Src/SysTick.c.obj
                                 0x39 (size before relaxing)
 .comment       0x00000038        0x0 CMakeFiles/firmware.dir/Users/matisserheaume-viale/Code/TEP-Session-3-2026-2027/243-356-LI_-_Programmation_3_-_Microcontroleurs_et_peripheriques/Laboratoires/Lab_2/Src/Timer2.c.obj
                                 0x39 (size before relaxing)
 .comment       0x00000038        0x0 CMakeFiles/firmware.dir/Users/matisserheaume-viale/Code/TEP-Session-3-2026-2027/243-356-LI_-_Programmation_3_-_Microcontroleurs_et_peripheriques/Laboratoires/Lab_2/Src/gpio.c.obj
                                 0x39 (size before relaxing)
 .comment       0x00000038        0x0 CMakeFiles/firmware.dir/Users/matisserheaume-viale/Code/TEP-Session-3-2026-2027/243-356-LI_-_Programmation_3_-_Microcontroleurs_et_peripheriques/Laboratoires/Lab_2/Src/main.c.obj
                                 0x39 (size before relaxing)

.debug_frame    0x00000000      0x21c
 .debug_frame   0x00000000       0x70 CMakeFiles/firmware.dir/Users/matisserheaume-viale/Code/TEP-Session-3-2026-2027/243-356-LI_-_Programmation_3_-_Microcontroleurs_et_peripheriques/Laboratoires/Lab_2/Src/SysTick.c.obj
 .debug_frame   0x00000070       0xa4 CMakeFiles/firmware.dir/Users/matisserheaume-viale/Code/TEP-Session-3-2026-2027/243-356-LI_-_Programmation_3_-_Microcontroleurs_et_peripheriques/Laboratoires/Lab_2/Src/Timer2.c.obj
 .debug_frame   0x00000114       0xb8 CMakeFiles/firmware.dir/Users/matisserheaume-viale/Code/TEP-Session-3-2026-2027/243-356-LI_-_Programmation_3_-_Microcontroleurs_et_peripheriques/Laboratoires/Lab_2/Src/gpio.c.obj
 .debug_frame   0x000001cc       0x50 CMakeFiles/firmware.dir/Users/matisserheaume-viale/Code/TEP-Session-3-2026-2027/243-356-LI_-_Programmation_3_-_Microcontroleurs_et_peripheriques/Laboratoires/Lab_2/Src/main.c.obj

.debug_line_str
                0x00000000      0x13a
 .debug_line_str
                0x00000000      0x13a CMakeFiles/firmware.dir/Users/matisserheaume-viale/Code/TEP-Session-3-2026-2027/243-356-LI_-_Programmation_3_-_Microcontroleurs_et_peripheriques/Laboratoires/Lab_2/startup_stm32f103xb.s.obj

Cross Reference Table

Symbol                                            File
Button_Init                                       CMakeFiles/firmware.dir/Users/matisserheaume-viale/Code/TEP-Session-3-2026-2027/243-356-LI_-_Programmation_3_-_Microcontroleurs_et_peripheriques/Laboratoires/Lab_2/Src/gpio.c.obj
                                                  CMakeFiles/firmware.dir/Users/matisserheaume-viale/Code/TEP-Session-3-2026-2027/243-356-LI_-_Programmation_3_-_Microcontroleurs_et_peripheriques/Laboratoires/Lab_2/Src/main.c.obj
Button_Read                                       CMakeFiles/firmware.dir/Users/matisserheaume-viale/Code/TEP-Session-3-2026-2027/243-356-LI_-_Programmation_3_-_Microcontroleurs_et_peripheriques/Laboratoires/Lab_2/Src/gpio.c.obj
                                                  CMakeFiles/firmware.dir/Users/matisserheaume-viale/Code/TEP-Session-3-2026-2027/243-356-LI_-_Programmation_3_-_Microcontroleurs_et_peripheriques/Laboratoires/Lab_2/Src/main.c.obj
Default_Handler                                   CMakeFiles/firmware.dir/Users/matisserheaume-viale/Code/TEP-Session-3-2026-2027/243-356-LI_-_Programmation_3_-_Microcontroleurs_et_peripheriques/Laboratoires/Lab_2/startup_stm32f103xb.s.obj
LED_Init                                          CMakeFiles/firmware.dir/Users/matisserheaume-viale/Code/TEP-Session-3-2026-2027/243-356-LI_-_Programmation_3_-_Microcontroleurs_et_peripheriques/Laboratoires/Lab_2/Src/gpio.c.obj
                                                  CMakeFiles/firmware.dir/Users/matisserheaume-viale/Code/TEP-Session-3-2026-2027/243-356-LI_-_Programmation_3_-_Microcontroleurs_et_peripheriques/Laboratoires/Lab_2/Src/main.c.obj
LED_Set                                           CMakeFiles/firmware.dir/Users/matisserheaume-viale/Code/TEP-Session-3-2026-2027/243-356-LI_-_Programmation_3_-_Microcontroleurs_et_peripheriques/Laboratoires/Lab_2/Src/gpio.c.obj
                                                  CMakeFiles/firmware.dir/Users/matisserheaume-viale/Code/TEP-Session-3-2026-2027/243-356-LI_-_Programmation_3_-_Microcontroleurs_et_peripheriques/Laboratoires/Lab_2/Src/main.c.obj
                                                  CMakeFiles/firmware.dir/Users/matisserheaume-viale/Code/TEP-Session-3-2026-2027/243-356-LI_-_Programmation_3_-_Microcontroleurs_et_peripheriques/Laboratoires/Lab_2/Src/Timer2.c.obj
LED_Toggle                                        CMakeFiles/firmware.dir/Users/matisserheaume-viale/Code/TEP-Session-3-2026-2027/243-356-LI_-_Programmation_3_-_Microcontroleurs_et_peripheriques/Laboratoires/Lab_2/Src/gpio.c.obj
                                                  CMakeFiles/firmware.dir/Users/matisserheaume-viale/Code/TEP-Session-3-2026-2027/243-356-LI_-_Programmation_3_-_Microcontroleurs_et_peripheriques/Laboratoires/Lab_2/Src/main.c.obj
                                                  CMakeFiles/firmware.dir/Users/matisserheaume-viale/Code/TEP-Session-3-2026-2027/243-356-LI_-_Programmation_3_-_Microcontroleurs_et_peripheriques/Laboratoires/Lab_2/Src/Timer2.c.obj
Reset_Handler                                     CMakeFiles/firmware.dir/Users/matisserheaume-viale/Code/TEP-Session-3-2026-2027/243-356-LI_-_Programmation_3_-_Microcontroleurs_et_peripheriques/Laboratoires/Lab_2/startup_stm32f103xb.s.obj
SysTick_GetMs                                     CMakeFiles/firmware.dir/Users/matisserheaume-viale/Code/TEP-Session-3-2026-2027/243-356-LI_-_Programmation_3_-_Microcontroleurs_et_peripheriques/Laboratoires/Lab_2/Src/SysTick.c.obj
                                                  CMakeFiles/firmware.dir/Users/matisserheaume-viale/Code/TEP-Session-3-2026-2027/243-356-LI_-_Programmation_3_-_Microcontroleurs_et_peripheriques/Laboratoires/Lab_2/Src/main.c.obj
SysTick_Handler                                   CMakeFiles/firmware.dir/Users/matisserheaume-viale/Code/TEP-Session-3-2026-2027/243-356-LI_-_Programmation_3_-_Microcontroleurs_et_peripheriques/Laboratoires/Lab_2/Src/SysTick.c.obj
                                                  CMakeFiles/firmware.dir/Users/matisserheaume-viale/Code/TEP-Session-3-2026-2027/243-356-LI_-_Programmation_3_-_Microcontroleurs_et_peripheriques/Laboratoires/Lab_2/startup_stm32f103xb.s.obj
SysTick_Init                                      CMakeFiles/firmware.dir/Users/matisserheaume-viale/Code/TEP-Session-3-2026-2027/243-356-LI_-_Programmation_3_-_Microcontroleurs_et_peripheriques/Laboratoires/Lab_2/Src/SysTick.c.obj
                                                  CMakeFiles/firmware.dir/Users/matisserheaume-viale/Code/TEP-Session-3-2026-2027/243-356-LI_-_Programmation_3_-_Microcontroleurs_et_peripheriques/Laboratoires/Lab_2/Src/main.c.obj
SystemInit                                        CMakeFiles/firmware.dir/Users/matisserheaume-viale/Code/TEP-Session-3-2026-2027/243-356-LI_-_Programmation_3_-_Microcontroleurs_et_peripheriques/Laboratoires/Lab_2/Src/main.c.obj
                                                  CMakeFiles/firmware.dir/Users/matisserheaume-viale/Code/TEP-Session-3-2026-2027/243-356-LI_-_Programmation_3_-_Microcontroleurs_et_peripheriques/Laboratoires/Lab_2/startup_stm32f103xb.s.obj
TIM2_IRQHandler                                   CMakeFiles/firmware.dir/Users/matisserheaume-viale/Code/TEP-Session-3-2026-2027/243-356-LI_-_Programmation_3_-_Microcontroleurs_et_peripheriques/Laboratoires/Lab_2/Src/Timer2.c.obj
                                                  CMakeFiles/firmware.dir/Users/matisserheaume-viale/Code/TEP-Session-3-2026-2027/243-356-LI_-_Programmation_3_-_Microcontroleurs_et_peripheriques/Laboratoires/Lab_2/startup_stm32f103xb.s.obj
Timer2_InterruptInit                              CMakeFiles/firmware.dir/Users/matisserheaume-viale/Code/TEP-Session-3-2026-2027/243-356-LI_-_Programmation_3_-_Microcontroleurs_et_peripheriques/Laboratoires/Lab_2/Src/Timer2.c.obj
                                                  CMakeFiles/firmware.dir/Users/matisserheaume-viale/Code/TEP-Session-3-2026-2027/243-356-LI_-_Programmation_3_-_Microcontroleurs_et_peripheriques/Laboratoires/Lab_2/Src/main.c.obj
Timer2_PWMInit                                    CMakeFiles/firmware.dir/Users/matisserheaume-viale/Code/TEP-Session-3-2026-2027/243-356-LI_-_Programmation_3_-_Microcontroleurs_et_peripheriques/Laboratoires/Lab_2/Src/Timer2.c.obj
                                                  CMakeFiles/firmware.dir/Users/matisserheaume-viale/Code/TEP-Session-3-2026-2027/243-356-LI_-_Programmation_3_-_Microcontroleurs_et_peripheriques/Laboratoires/Lab_2/Src/main.c.obj
Timer2_Stop                                       CMakeFiles/firmware.dir/Users/matisserheaume-viale/Code/TEP-Session-3-2026-2027/243-356-LI_-_Programmation_3_-_Microcontroleurs_et_peripheriques/Laboratoires/Lab_2/Src/Timer2.c.obj
                                                  CMakeFiles/firmware.dir/Users/matisserheaume-viale/Code/TEP-Session-3-2026-2027/243-356-LI_-_Programmation_3_-_Microcontroleurs_et_peripheriques/Laboratoires/Lab_2/Src/main.c.obj
_ebss                                             CMakeFiles/firmware.dir/Users/matisserheaume-viale/Code/TEP-Session-3-2026-2027/243-356-LI_-_Programmation_3_-_Microcontroleurs_et_peripheriques/Laboratoires/Lab_2/startup_stm32f103xb.s.obj
_edata                                            CMakeFiles/firmware.dir/Users/matisserheaume-viale/Code/TEP-Session-3-2026-2027/243-356-LI_-_Programmation_3_-_Microcontroleurs_et_peripheriques/Laboratoires/Lab_2/startup_stm32f103xb.s.obj
_estack                                           CMakeFiles/firmware.dir/Users/matisserheaume-viale/Code/TEP-Session-3-2026-2027/243-356-LI_-_Programmation_3_-_Microcontroleurs_et_peripheriques/Laboratoires/Lab_2/startup_stm32f103xb.s.obj
_sbss                                             CMakeFiles/firmware.dir/Users/matisserheaume-viale/Code/TEP-Session-3-2026-2027/243-356-LI_-_Programmation_3_-_Microcontroleurs_et_peripheriques/Laboratoires/Lab_2/startup_stm32f103xb.s.obj
_sdata                                            CMakeFiles/firmware.dir/Users/matisserheaume-viale/Code/TEP-Session-3-2026-2027/243-356-LI_-_Programmation_3_-_Microcontroleurs_et_peripheriques/Laboratoires/Lab_2/startup_stm32f103xb.s.obj
_sidata                                           CMakeFiles/firmware.dir/Users/matisserheaume-viale/Code/TEP-Session-3-2026-2027/243-356-LI_-_Programmation_3_-_Microcontroleurs_et_peripheriques/Laboratoires/Lab_2/startup_stm32f103xb.s.obj
g_pfnVectors                                      CMakeFiles/firmware.dir/Users/matisserheaume-viale/Code/TEP-Session-3-2026-2027/243-356-LI_-_Programmation_3_-_Microcontroleurs_et_peripheriques/Laboratoires/Lab_2/startup_stm32f103xb.s.obj
main                                              CMakeFiles/firmware.dir/Users/matisserheaume-viale/Code/TEP-Session-3-2026-2027/243-356-LI_-_Programmation_3_-_Microcontroleurs_et_peripheriques/Laboratoires/Lab_2/Src/main.c.obj
                                                  CMakeFiles/firmware.dir/Users/matisserheaume-viale/Code/TEP-Session-3-2026-2027/243-356-LI_-_Programmation_3_-_Microcontroleurs_et_peripheriques/Laboratoires/Lab_2/startup_stm32f103xb.s.obj
